trainable layers: last 1; trainable params: 326,895,872
eval BEFORE: 0.707893  (42s)
step   1  kd_loss=0.446160  (15s)
step   2  kd_loss=0.438125  (30s)
step   3  kd_loss=0.458236  (44s)
step   4  kd_loss=0.404639  (58s)
step   5  kd_loss=0.364733  (73s)
step   6  kd_loss=0.485276  (87s)
step   7  kd_loss=0.345327  (101s)
step   8  kd_loss=0.522478  (115s)
step   9  kd_loss=0.395113  (130s)
step  10  kd_loss=0.460590  (144s)
step  11  kd_loss=0.451902  (158s)
step  12  kd_loss=0.359803  (174s)
step  13  kd_loss=0.394574  (190s)
step  14  kd_loss=1.062833  (206s)
step  15  kd_loss=0.482865  (223s)
step  16  kd_loss=0.428516  (239s)
step  17  kd_loss=0.356284  (256s)
step  18  kd_loss=0.553508  (272s)
step  19  kd_loss=0.362859  (291s)
step  20  kd_loss=0.494781  (310s)
step  21  kd_loss=0.410741  (327s)
step  22  kd_loss=0.484448  (344s)
step  23  kd_loss=0.479877  (361s)
step  24  kd_loss=0.434896  (376s)
step  25  kd_loss=0.391996  (390s)
step  26  kd_loss=0.673471  (407s)
step  27  kd_loss=0.511420  (425s)
step  28  kd_loss=0.377913  (442s)
step  29  kd_loss=1.329603  (459s)
step  30  kd_loss=0.611414  (476s)
step  31  kd_loss=0.574806  (493s)
step  32  kd_loss=0.490875  (511s)
step  33  kd_loss=0.544660  (528s)
step  34  kd_loss=0.370328  (545s)
step  35  kd_loss=0.619051  (560s)
step  36  kd_loss=0.861697  (574s)
step  37  kd_loss=0.312548  (588s)
step  38  kd_loss=0.422985  (603s)
step  39  kd_loss=0.413134  (617s)
step  40  kd_loss=0.394977  (631s)
step  41  kd_loss=0.444492  (646s)
step  42  kd_loss=0.389313  (660s)
step  43  kd_loss=0.382219  (675s)
step  44  kd_loss=0.604381  (689s)
step  45  kd_loss=0.728353  (704s)
step  46  kd_loss=0.502682  (718s)
step  47  kd_loss=0.767276  (732s)
step  48  kd_loss=0.436533  (747s)
step  49  kd_loss=0.407159  (761s)
step  50  kd_loss=0.381955  (776s)
step  51  kd_loss=0.547844  (790s)
step  52  kd_loss=0.623489  (805s)
step  53  kd_loss=0.365351  (820s)
step  54  kd_loss=0.414551  (834s)
step  55  kd_loss=0.345863  (851s)
step  56  kd_loss=0.370190  (867s)
step  57  kd_loss=0.549036  (884s)
step  58  kd_loss=0.544008  (901s)
eval AFTER: 0.615063  (39s)

SUMMARY num_layers=1: 58 steps in 901s (limit hit: time-limit), ||dtheta||/||theta||=1.033e-02
  train loss mean first 14 steps=0.4707, last 14 steps=0.4989
  held-out eval (8 fixed batches): before=0.7079 after=0.6151 paired diff=-0.0928 (improved on 4/8)
