trainable layers: last 3; trainable params: 358,357,760
eval BEFORE: 0.707893  (42s)
step   1  kd_loss=0.446160  (16s)
step   2  kd_loss=0.451223  (31s)
step   3  kd_loss=0.574600  (45s)
step   4  kd_loss=0.490376  (60s)
step   5  kd_loss=0.414388  (75s)
step   6  kd_loss=0.494324  (91s)
step   7  kd_loss=0.351862  (107s)
step   8  kd_loss=0.823396  (123s)
step   9  kd_loss=0.356852  (142s)
step  10  kd_loss=0.418482  (161s)
step  11  kd_loss=0.543331  (181s)
step  12  kd_loss=0.391960  (197s)
step  13  kd_loss=0.568659  (213s)
step  14  kd_loss=0.908229  (227s)
step  15  kd_loss=0.391501  (242s)
step  16  kd_loss=0.352472  (257s)
step  17  kd_loss=0.483726  (271s)
step  18  kd_loss=0.474972  (286s)
step  19  kd_loss=0.310549  (301s)
step  20  kd_loss=0.428494  (315s)
step  21  kd_loss=0.355264  (330s)
step  22  kd_loss=0.344259  (344s)
step  23  kd_loss=0.577770  (359s)
step  24  kd_loss=0.360278  (373s)
step  25  kd_loss=0.285767  (388s)
step  26  kd_loss=0.792537  (403s)
step  27  kd_loss=0.585619  (417s)
step  28  kd_loss=0.500956  (432s)
step  29  kd_loss=1.069660  (446s)
step  30  kd_loss=0.304509  (461s)
step  31  kd_loss=0.366048  (475s)
step  32  kd_loss=0.380058  (490s)
step  33  kd_loss=0.396794  (504s)
step  34  kd_loss=0.416301  (519s)
step  35  kd_loss=0.493557  (533s)
step  36  kd_loss=0.294186  (548s)
step  37  kd_loss=0.351752  (563s)
step  38  kd_loss=0.334364  (577s)
step  39  kd_loss=0.583080  (592s)
step  40  kd_loss=0.321818  (609s)
step  41  kd_loss=0.260620  (627s)
step  42  kd_loss=0.295254  (642s)
step  43  kd_loss=0.226247  (660s)
step  44  kd_loss=0.306411  (677s)
step  45  kd_loss=0.328532  (695s)
step  46  kd_loss=0.438894  (713s)
step  47  kd_loss=0.419536  (730s)
step  48  kd_loss=0.380183  (748s)
step  49  kd_loss=0.391542  (766s)
step  50  kd_loss=0.253028  (784s)
step  51  kd_loss=0.321489  (801s)
step  52  kd_loss=0.507045  (819s)
step  53  kd_loss=0.291161  (836s)
step  54  kd_loss=0.257213  (854s)
step  55  kd_loss=0.258741  (871s)
step  56  kd_loss=0.565634  (886s)
step  57  kd_loss=0.250155  (900s)
eval AFTER: 0.438452  (46s)

SUMMARY num_layers=3: 57 steps in 900s (limit hit: time-limit), ||dtheta||/||theta||=6.291e-03
  train loss mean first 14 steps=0.5167, last 14 steps=0.3550
  held-out eval (8 fixed batches): before=0.7079 after=0.4385 paired diff=-0.2694 (improved on 8/8)
