[A fresh lr=1e-3] step  1/20  kd_loss=0.446160  (18s)
[A fresh lr=1e-3] step  2/20  kd_loss=0.169394  (33s)
[A fresh lr=1e-3] step  3/20  kd_loss=0.156039  (48s)
[A fresh lr=1e-3] step  4/20  kd_loss=0.498710  (62s)
[A fresh lr=1e-3] step  5/20  kd_loss=0.267749  (77s)
[A fresh lr=1e-3] step  6/20  kd_loss=0.354451  (91s)
[A fresh lr=1e-3] step  7/20  kd_loss=0.513560  (106s)
[A fresh lr=1e-3] step  8/20  kd_loss=0.442234  (120s)
[A fresh lr=1e-3] step  9/20  kd_loss=0.521485  (135s)
[A fresh lr=1e-3] step 10/20  kd_loss=0.498831  (149s)
[A fresh lr=1e-3] step 11/20  kd_loss=0.544176  (164s)
[A fresh lr=1e-3] step 12/20  kd_loss=0.551808  (179s)
[A fresh lr=1e-3] step 13/20  kd_loss=0.561369  (193s)
[A fresh lr=1e-3] step 14/20  kd_loss=0.596913  (207s)
[A fresh lr=1e-3] step 15/20  kd_loss=0.652319  (222s)
[A fresh lr=1e-3] step 16/20  kd_loss=0.580772  (236s)
[A fresh lr=1e-3] step 17/20  kd_loss=0.430452  (251s)
[A fresh lr=1e-3] step 18/20  kd_loss=0.422731  (265s)
[A fresh lr=1e-3] step 19/20  kd_loss=0.662910  (280s)
[A fresh lr=1e-3] step 20/20  kd_loss=0.606223  (294s)
[A fresh lr=1e-3] SUMMARY lr=0.001: step1=0.446160  step5=0.267749  step10=0.498831  step20=0.606223  | distinct loss values: 20/20  | ||dtheta||/||theta||=8.562e-02
[B fixed lr=1e-3] step  1/20  kd_loss=0.446160  (15s)
[B fixed lr=1e-3] step  2/20  kd_loss=0.172392  (29s)
[B fixed lr=1e-3] step  3/20  kd_loss=0.139021  (43s)
[B fixed lr=1e-3] step  4/20  kd_loss=0.145233  (58s)
[B fixed lr=1e-3] step  5/20  kd_loss=0.708763  (72s)
[B fixed lr=1e-3] step  6/20  kd_loss=0.706820  (87s)
[B fixed lr=1e-3] step  7/20  kd_loss=0.700387  (101s)
[B fixed lr=1e-3] step  8/20  kd_loss=0.692829  (116s)
[B fixed lr=1e-3] step  9/20  kd_loss=0.686721  (130s)
[B fixed lr=1e-3] step 10/20  kd_loss=0.678566  (147s)
[B fixed lr=1e-3] step 11/20  kd_loss=0.669571  (164s)
[B fixed lr=1e-3] step 12/20  kd_loss=0.661346  (181s)
[B fixed lr=1e-3] step 13/20  kd_loss=0.654405  (199s)
[B fixed lr=1e-3] step 14/20  kd_loss=0.649032  (213s)
[B fixed lr=1e-3] step 15/20  kd_loss=0.644552  (228s)
[B fixed lr=1e-3] step 16/20  kd_loss=0.640332  (242s)
[B fixed lr=1e-3] step 17/20  kd_loss=0.636003  (257s)
[B fixed lr=1e-3] step 18/20  kd_loss=0.631644  (271s)
[B fixed lr=1e-3] step 19/20  kd_loss=0.627616  (285s)
[B fixed lr=1e-3] step 20/20  kd_loss=0.623522  (300s)
[B fixed lr=1e-3] SUMMARY lr=0.001: step1=0.446160  step5=0.708763  step10=0.678566  step20=0.623522  | distinct loss values: 20/20  | ||dtheta||/||theta||=8.190e-02
[C fixed lr=5e-5] step  1/20  kd_loss=0.446160  (15s)
[C fixed lr=5e-5] step  2/20  kd_loss=0.565247  (29s)
[C fixed lr=5e-5] step  3/20  kd_loss=0.343521  (44s)
[C fixed lr=5e-5] step  4/20  kd_loss=0.376554  (61s)
[C fixed lr=5e-5] step  5/20  kd_loss=0.362281  (77s)
[C fixed lr=5e-5] step  6/20  kd_loss=0.426672  (92s)
[C fixed lr=5e-5] step  7/20  kd_loss=0.414171  (108s)
[C fixed lr=5e-5] step  8/20  kd_loss=0.420824  (124s)
[C fixed lr=5e-5] step  9/20  kd_loss=0.407973  (141s)
[C fixed lr=5e-5] step 10/20  kd_loss=0.395796  (157s)
[C fixed lr=5e-5] step 11/20  kd_loss=0.340529  (173s)
[C fixed lr=5e-5] step 12/20  kd_loss=0.322188  (190s)
[C fixed lr=5e-5] step 13/20  kd_loss=0.344397  (206s)
[C fixed lr=5e-5] step 14/20  kd_loss=0.321781  (223s)
[C fixed lr=5e-5] step 15/20  kd_loss=0.307616  (239s)
[C fixed lr=5e-5] step 16/20  kd_loss=0.320186  (255s)
[C fixed lr=5e-5] step 17/20  kd_loss=0.326650  (272s)
[C fixed lr=5e-5] step 18/20  kd_loss=0.289825  (288s)
[C fixed lr=5e-5] step 19/20  kd_loss=0.328964  (303s)
[C fixed lr=5e-5] step 20/20  kd_loss=0.270681  (317s)
[C fixed lr=5e-5] SUMMARY lr=5e-05: step1=0.446160  step5=0.362281  step10=0.395796  step20=0.270681  | distinct loss values: 20/20  | ||dtheta||/||theta||=5.777e-03

FINAL TABLE (kd_loss at step)
run                         step 1      step 5     step 10     step 20
A fresh lr=1e-3           0.446160    0.267749    0.498831    0.606223
B fixed lr=1e-3           0.446160    0.708763    0.678566    0.623522
C fixed lr=5e-5           0.446160    0.362281    0.395796    0.270681
