L=16 lr=0.001 clip=off steps=30 batch=(4, 128) trainable=326,895,872
held-out BEFORE: 0.475484  per-batch=[0.246387, 0.152756, 0.265159, 0.367801, 0.263409, 0.961855, 1.336221, 0.210287]
step  1  kd_loss=0.324847  grad_norm_preclip=2.2880e+01  nan_or_inf=False
step  2  kd_loss=0.128958  grad_norm_preclip=8.5033e+01  nan_or_inf=False
step  3  kd_loss=0.106528  grad_norm_preclip=5.1859e+00  nan_or_inf=False
step  4  kd_loss=0.290362  grad_norm_preclip=1.3989e+00  nan_or_inf=False
step  5  kd_loss=0.350212  grad_norm_preclip=7.4426e-01  nan_or_inf=False
step  6  kd_loss=0.340938  grad_norm_preclip=7.8820e-01  nan_or_inf=False
step  7  kd_loss=0.333572  grad_norm_preclip=6.9434e-01  nan_or_inf=False
step  8  kd_loss=0.323912  grad_norm_preclip=8.4713e-01  nan_or_inf=False
step  9  kd_loss=0.317370  grad_norm_preclip=1.5014e+00  nan_or_inf=False
step 10  kd_loss=0.309240  grad_norm_preclip=4.0279e+00  nan_or_inf=False
step 11  kd_loss=0.310376  grad_norm_preclip=5.1642e-01  nan_or_inf=False
step 12  kd_loss=0.305567  grad_norm_preclip=5.5422e-01  nan_or_inf=False
step 13  kd_loss=0.301394  grad_norm_preclip=6.6366e-01  nan_or_inf=False
step 14  kd_loss=0.296800  grad_norm_preclip=6.9402e-01  nan_or_inf=False
step 15  kd_loss=0.291563  grad_norm_preclip=5.9940e-01  nan_or_inf=False
step 16  kd_loss=0.286295  grad_norm_preclip=5.0172e-01  nan_or_inf=False
step 17  kd_loss=0.281241  grad_norm_preclip=4.5076e-01  nan_or_inf=False
step 18  kd_loss=0.276626  grad_norm_preclip=4.1224e-01  nan_or_inf=False
step 19  kd_loss=0.272699  grad_norm_preclip=3.8682e-01  nan_or_inf=False
step 20  kd_loss=0.269353  grad_norm_preclip=3.7147e-01  nan_or_inf=False
step 21  kd_loss=0.266408  grad_norm_preclip=3.5473e-01  nan_or_inf=False
step 22  kd_loss=0.263805  grad_norm_preclip=3.4470e-01  nan_or_inf=False
step 23  kd_loss=0.261401  grad_norm_preclip=3.3549e-01  nan_or_inf=False
step 24  kd_loss=0.259068  grad_norm_preclip=3.1331e-01  nan_or_inf=False
step 25  kd_loss=0.256830  grad_norm_preclip=2.7821e-01  nan_or_inf=False
step 26  kd_loss=0.254804  grad_norm_preclip=2.4694e-01  nan_or_inf=False
step 27  kd_loss=0.253078  grad_norm_preclip=2.4725e-01  nan_or_inf=False
step 28  kd_loss=0.251609  grad_norm_preclip=2.8839e-01  nan_or_inf=False
step 29  kd_loss=0.250165  grad_norm_preclip=3.2886e-01  nan_or_inf=False
step 30  kd_loss=0.248517  grad_norm_preclip=3.3010e-01  nan_or_inf=False
held-out AFTER:  0.285247  per-batch=[0.286238, 0.261735, 0.241008, 0.280023, 0.28988, 0.318666, 0.29225, 0.312175]
SUMMARY_JSON {"run": "stability_L16_lr1e-3_clipoff", "L": 16, "lr": 0.001, "clip": false, "steps": 30, "loss_step1": 0.32484662532806396, "loss_min": 0.10652752965688705, "loss_min_step": 3, "loss_final": 0.24851694703102112, "max_rise": 0.1838342323899269, "max_rise_step": 4, "n_rises_gt_0.1": 1, "final_gt_min_plus_0.1": true, "gnorm_mean": 4.377326246599356, "gnorm_max": 85.03327941894531, "gnorm_cv": 3.547168137442869, "any_nan_or_inf": false, "rel_param_change": 0.07611875236034393, "heldout_before": 0.4754843804985285, "heldout_after": 0.28524688445031643, "heldout_paired_diff": -0.19023749604821205, "heldout_improved": 4, "sec_per_step": 2.538056508700053, "losses": [0.32484662532806396, 0.12895789742469788, 0.10652752965688705, 0.29036176204681396, 0.3502117991447449, 0.3409377932548523, 0.333572119474411, 0.3239116072654724, 0.3173697292804718, 0.3092402219772339, 0.3103758692741394, 0.3055667281150818, 0.3013935089111328, 0.2967999279499054, 0.29156315326690674, 0.2862952649593353, 0.2812405824661255, 0.2766263484954834, 0.27269861102104187, 0.269353449344635, 0.26640811562538147, 0.26380521059036255, 0.26140135526657104, 0.25906792283058167, 0.2568303048610687, 0.25480422377586365, 0.2530781328678131, 0.25160861015319824, 0.25016528367996216, 0.24851694703102112], "gnorms": [22.879697799682617, 85.03327941894531, 5.1859002113342285, 1.3989194631576538, 0.7442588210105896, 0.7881972789764404, 0.6943449974060059, 0.8471280932426453, 1.5014405250549316, 4.027917385101318, 0.516415536403656, 0.5542242527008057, 0.6636573076248169, 0.6940233111381531, 0.5993955135345459, 0.501717746257782, 0.45076078176498413, 0.4122356176376343, 0.38681933283805847, 0.37147119641304016, 0.35473495721817017, 0.34469765424728394, 0.33548641204833984, 0.31330931186676025, 0.2782081961631775, 0.24694398045539856, 0.2472509890794754, 0.2883906066417694, 0.3288569152355194, 0.3301037847995758]}
