L=8 lr=0.001 clip=off steps=30 batch=(4, 128) trainable=326,895,872
held-out BEFORE: 0.406463  per-batch=[0.156151, 0.137173, 0.147463, 0.22477, 0.213532, 0.961285, 1.266214, 0.145116]
step  1  kd_loss=0.234664  grad_norm_preclip=1.6983e+01  nan_or_inf=False
step  2  kd_loss=0.186709  grad_norm_preclip=2.5599e+02  nan_or_inf=False
step  3  kd_loss=0.245804  grad_norm_preclip=5.8984e-01  nan_or_inf=False
step  4  kd_loss=0.246127  grad_norm_preclip=9.8397e-01  nan_or_inf=False
step  5  kd_loss=0.204213  grad_norm_preclip=3.9329e+00  nan_or_inf=False
step  6  kd_loss=0.242852  grad_norm_preclip=1.0488e+01  nan_or_inf=False
step  7  kd_loss=0.245059  grad_norm_preclip=5.5107e-01  nan_or_inf=False
step  8  kd_loss=0.241143  grad_norm_preclip=5.1337e-01  nan_or_inf=False
step  9  kd_loss=0.236367  grad_norm_preclip=4.6445e-01  nan_or_inf=False
step 10  kd_loss=0.231441  grad_norm_preclip=4.1052e-01  nan_or_inf=False
step 11  kd_loss=0.226731  grad_norm_preclip=3.5900e-01  nan_or_inf=False
step 12  kd_loss=0.222424  grad_norm_preclip=3.1195e-01  nan_or_inf=False
step 13  kd_loss=0.218599  grad_norm_preclip=2.7146e-01  nan_or_inf=False
step 14  kd_loss=0.215257  grad_norm_preclip=2.3913e-01  nan_or_inf=False
step 15  kd_loss=0.212352  grad_norm_preclip=2.1681e-01  nan_or_inf=False
step 16  kd_loss=0.209803  grad_norm_preclip=2.0594e-01  nan_or_inf=False
step 17  kd_loss=0.207499  grad_norm_preclip=2.0516e-01  nan_or_inf=False
step 18  kd_loss=0.205319  grad_norm_preclip=2.1022e-01  nan_or_inf=False
step 19  kd_loss=0.203155  grad_norm_preclip=2.1618e-01  nan_or_inf=False
step 20  kd_loss=0.200943  grad_norm_preclip=2.1821e-01  nan_or_inf=False
step 21  kd_loss=0.198676  grad_norm_preclip=2.1181e-01  nan_or_inf=False
step 22  kd_loss=0.196433  grad_norm_preclip=1.9418e-01  nan_or_inf=False
step 23  kd_loss=0.194354  grad_norm_preclip=1.6835e-01  nan_or_inf=False
step 24  kd_loss=0.192560  grad_norm_preclip=1.4529e-01  nan_or_inf=False
step 25  kd_loss=0.191056  grad_norm_preclip=1.3276e-01  nan_or_inf=False
step 26  kd_loss=0.189764  grad_norm_preclip=1.2851e-01  nan_or_inf=False
step 27  kd_loss=0.188598  grad_norm_preclip=1.2781e-01  nan_or_inf=False
step 28  kd_loss=0.187495  grad_norm_preclip=1.2781e-01  nan_or_inf=False
step 29  kd_loss=0.186414  grad_norm_preclip=1.2759e-01  nan_or_inf=False
step 30  kd_loss=0.185330  grad_norm_preclip=1.2686e-01  nan_or_inf=False
held-out AFTER:  0.204723  per-batch=[0.189321, 0.195728, 0.171047, 0.220208, 0.20175, 0.221818, 0.210953, 0.226957]
SUMMARY_JSON {"run": "stability_L8_lr1e-3_clipoff", "L": 8, "lr": 0.001, "clip": false, "steps": 30, "loss_step1": 0.234663724899292, "loss_min": 0.18533021211624146, "loss_min_step": 30, "loss_final": 0.18533021211624146, "max_rise": 0.059095680713653564, "max_rise_step": 3, "n_rises_gt_0.1": 0, "final_gt_min_plus_0.1": false, "gnorm_mean": 9.828394881884257, "gnorm_max": 255.98924255371094, "gnorm_cv": 4.664423248196479, "any_nan_or_inf": false, "rel_param_change": 0.10205093771219254, "heldout_before": 0.40646309591829777, "heldout_after": 0.20472281239926815, "heldout_paired_diff": -0.20174028351902962, "heldout_improved": 4, "sec_per_step": 1.2313612937927245, "losses": [0.234663724899292, 0.1867087483406067, 0.24580442905426025, 0.2461272031068802, 0.20421311259269714, 0.2428516149520874, 0.24505876004695892, 0.24114328622817993, 0.2363671362400055, 0.23144111037254333, 0.22673076391220093, 0.2224242091178894, 0.21859893202781677, 0.21525678038597107, 0.21235202252864838, 0.2098032534122467, 0.2074994146823883, 0.20531868934631348, 0.20315532386302948, 0.20094265043735504, 0.19867606461048126, 0.19643263518810272, 0.19435426592826843, 0.1925603449344635, 0.19105610251426697, 0.18976372480392456, 0.18859803676605225, 0.18749523162841797, 0.18641434609889984, 0.18533021211624146], "gnorms": [16.983491897583008, 255.98924255371094, 0.5898395776748657, 0.9839682579040527, 3.9328713417053223, 10.487993240356445, 0.5510684251785278, 0.5133696794509888, 0.464453786611557, 0.41052258014678955, 0.35899534821510315, 0.3119546175003052, 0.27145645022392273, 0.23912817239761353, 0.21680833399295807, 0.20593753457069397, 0.20515629649162292, 0.21022285521030426, 0.21617664396762848, 0.21820569038391113, 0.21181388199329376, 0.19417835772037506, 0.16835179924964905, 0.14528921246528625, 0.1327560991048813, 0.12851278483867645, 0.1278139054775238, 0.12780965864658356, 0.12759459018707275, 0.12686288356781006]}
