L=16 lr=0.001 clip=max_norm=1.0 steps=30 batch=(4, 128) trainable=326,895,872
held-out BEFORE: 0.475484  per-batch=[0.246387, 0.152756, 0.265159, 0.367801, 0.263409, 0.961855, 1.336221, 0.210287]
step  1  kd_loss=0.324847  grad_norm_preclip=2.2880e+01  nan_or_inf=False
step  2  kd_loss=0.128471  grad_norm_preclip=8.9015e+00  nan_or_inf=False
step  3  kd_loss=0.287778  grad_norm_preclip=5.5071e-01  nan_or_inf=False
step  4  kd_loss=0.280807  grad_norm_preclip=5.8461e-01  nan_or_inf=False
step  5  kd_loss=0.271980  grad_norm_preclip=4.5707e-01  nan_or_inf=False
step  6  kd_loss=0.263949  grad_norm_preclip=4.1565e-01  nan_or_inf=False
step  7  kd_loss=0.256555  grad_norm_preclip=4.3651e-01  nan_or_inf=False
step  8  kd_loss=0.249691  grad_norm_preclip=4.0419e-01  nan_or_inf=False
step  9  kd_loss=0.242853  grad_norm_preclip=4.0182e-01  nan_or_inf=False
step 10  kd_loss=0.237520  grad_norm_preclip=3.9908e-01  nan_or_inf=False
step 11  kd_loss=0.233732  grad_norm_preclip=2.1568e+00  nan_or_inf=False
step 12  kd_loss=0.282806  grad_norm_preclip=4.8464e-01  nan_or_inf=False
step 13  kd_loss=0.277450  grad_norm_preclip=4.8815e-01  nan_or_inf=False
step 14  kd_loss=0.271739  grad_norm_preclip=4.2143e-01  nan_or_inf=False
step 15  kd_loss=0.266234  grad_norm_preclip=3.4375e-01  nan_or_inf=False
step 16  kd_loss=0.261554  grad_norm_preclip=2.9429e-01  nan_or_inf=False
step 17  kd_loss=0.257731  grad_norm_preclip=2.8917e-01  nan_or_inf=False
step 18  kd_loss=0.253917  grad_norm_preclip=2.6663e-01  nan_or_inf=False
step 19  kd_loss=0.250537  grad_norm_preclip=2.3669e-01  nan_or_inf=False
step 20  kd_loss=0.247727  grad_norm_preclip=2.1768e-01  nan_or_inf=False
step 21  kd_loss=0.245467  grad_norm_preclip=2.5271e-01  nan_or_inf=False
step 22  kd_loss=0.243325  grad_norm_preclip=2.6259e-01  nan_or_inf=False
step 23  kd_loss=0.241098  grad_norm_preclip=2.1360e-01  nan_or_inf=False
step 24  kd_loss=0.239012  grad_norm_preclip=2.1473e-01  nan_or_inf=False
step 25  kd_loss=0.236973  grad_norm_preclip=2.3948e-01  nan_or_inf=False
step 26  kd_loss=0.234781  grad_norm_preclip=2.3571e-01  nan_or_inf=False
step 27  kd_loss=0.232452  grad_norm_preclip=2.1853e-01  nan_or_inf=False
step 28  kd_loss=0.230060  grad_norm_preclip=2.2629e-01  nan_or_inf=False
step 29  kd_loss=0.227524  grad_norm_preclip=2.4409e-01  nan_or_inf=False
step 30  kd_loss=0.224755  grad_norm_preclip=2.4399e-01  nan_or_inf=False
held-out AFTER:  0.277067  per-batch=[0.257384, 0.26723, 0.22976, 0.280133, 0.300913, 0.291237, 0.303303, 0.28658]
SUMMARY_JSON {"run": "stability_L16_lr1e-3_clipon", "L": 16, "lr": 0.001, "clip": true, "steps": 30, "loss_step1": 0.32484662532806396, "loss_min": 0.1284710317850113, "loss_min_step": 2, "loss_final": 0.2247553914785385, "max_rise": 0.15930669009685516, "max_rise_step": 3, "n_rises_gt_0.1": 1, "final_gt_min_plus_0.1": false, "gnorm_mean": 1.4327267517646154, "gnorm_max": 22.879674911499023, "gnorm_cv": 2.9862378779712184, "any_nan_or_inf": false, "rel_param_change": 0.04865231737494469, "heldout_before": 0.4754843804985285, "heldout_after": 0.2770673967897892, "heldout_paired_diff": -0.19841698370873928, "heldout_improved": 4, "sec_per_step": 2.6287281195322674, "losses": [0.32484662532806396, 0.1284710317850113, 0.28777772188186646, 0.2808071970939636, 0.2719801068305969, 0.2639487385749817, 0.2565547823905945, 0.2496911585330963, 0.24285253882408142, 0.23752030730247498, 0.23373232781887054, 0.2828063368797302, 0.27744972705841064, 0.2717391848564148, 0.26623356342315674, 0.26155388355255127, 0.25773125886917114, 0.25391685962677, 0.2505372166633606, 0.2477274090051651, 0.24546696245670319, 0.2433251440525055, 0.24109770357608795, 0.2390119731426239, 0.23697282373905182, 0.23478084802627563, 0.23245152831077576, 0.2300599068403244, 0.22752413153648376, 0.2247553914785385], "gnorms": [22.879674911499023, 8.901487350463867, 0.5507066249847412, 0.5846143364906311, 0.45707324147224426, 0.41565412282943726, 0.43651455640792847, 0.4041927754878998, 0.401820570230484, 0.3990815281867981, 2.156838893890381, 0.484635591506958, 0.4881540536880493, 0.42142897844314575, 0.3437454402446747, 0.29429107904434204, 0.2891678512096405, 0.26662972569465637, 0.23669005930423737, 0.2176796942949295, 0.25270673632621765, 0.26259273290634155, 0.21359677612781525, 0.2147262543439865, 0.23948483169078827, 0.23570910096168518, 0.21852755546569824, 0.22629310190677643, 0.24408932030200958, 0.24399475753307343]}
