L=16 lr=5e-05 clip=off steps=30 batch=(4, 128) trainable=326,895,872
held-out BEFORE: 0.475484  per-batch=[0.246387, 0.152756, 0.265159, 0.367801, 0.263409, 0.961855, 1.336221, 0.210287]
step  1  kd_loss=0.324847  grad_norm_preclip=2.2880e+01  nan_or_inf=False
step  2  kd_loss=0.274306  grad_norm_preclip=7.1008e+01  nan_or_inf=False
step  3  kd_loss=0.267842  grad_norm_preclip=3.9945e+01  nan_or_inf=False
step  4  kd_loss=0.242821  grad_norm_preclip=5.0364e+00  nan_or_inf=False
step  5  kd_loss=0.303578  grad_norm_preclip=2.5970e+02  nan_or_inf=False
step  6  kd_loss=0.288687  grad_norm_preclip=6.4619e+01  nan_or_inf=False
step  7  kd_loss=0.308537  grad_norm_preclip=8.6294e+00  nan_or_inf=False
step  8  kd_loss=0.291800  grad_norm_preclip=3.3983e+01  nan_or_inf=False
step  9  kd_loss=0.287953  grad_norm_preclip=2.2026e+01  nan_or_inf=False
step 10  kd_loss=0.275798  grad_norm_preclip=1.0680e+01  nan_or_inf=False
step 11  kd_loss=0.266707  grad_norm_preclip=1.5616e+01  nan_or_inf=False
step 12  kd_loss=0.250242  grad_norm_preclip=6.2233e+00  nan_or_inf=False
step 13  kd_loss=0.240653  grad_norm_preclip=5.2424e+00  nan_or_inf=False
step 14  kd_loss=0.231359  grad_norm_preclip=1.5767e+03  nan_or_inf=False
step 15  kd_loss=0.231248  grad_norm_preclip=8.2687e+00  nan_or_inf=False
step 16  kd_loss=0.223181  grad_norm_preclip=4.1723e+00  nan_or_inf=False
step 17  kd_loss=0.221371  grad_norm_preclip=4.6223e+00  nan_or_inf=False
step 18  kd_loss=0.218746  grad_norm_preclip=3.2255e+00  nan_or_inf=False
step 19  kd_loss=0.212792  grad_norm_preclip=2.3660e+00  nan_or_inf=False
step 20  kd_loss=0.209057  grad_norm_preclip=4.1737e+01  nan_or_inf=False
step 21  kd_loss=0.197840  grad_norm_preclip=8.0097e+01  nan_or_inf=False
step 22  kd_loss=0.236657  grad_norm_preclip=7.2825e+01  nan_or_inf=False
step 23  kd_loss=0.237504  grad_norm_preclip=1.2083e+01  nan_or_inf=False
step 24  kd_loss=0.232691  grad_norm_preclip=5.8342e+00  nan_or_inf=False
step 25  kd_loss=0.232825  grad_norm_preclip=1.3587e+01  nan_or_inf=False
step 26  kd_loss=0.233076  grad_norm_preclip=4.5691e+01  nan_or_inf=False
step 27  kd_loss=0.236776  grad_norm_preclip=6.6944e+00  nan_or_inf=False
step 28  kd_loss=0.232472  grad_norm_preclip=2.8278e+00  nan_or_inf=False
step 29  kd_loss=0.230715  grad_norm_preclip=1.2899e+01  nan_or_inf=False
step 30  kd_loss=0.232910  grad_norm_preclip=1.3469e+01  nan_or_inf=False
held-out AFTER:  0.484041  per-batch=[0.18517, 0.174803, 0.200485, 0.327685, 0.26523, 0.767587, 1.290545, 0.660821]
SUMMARY_JSON {"run": "stability_L16_lr5e-5_clipoff", "L": 16, "lr": 5e-05, "clip": false, "steps": 30, "loss_step1": 0.32484662532806396, "loss_min": 0.1978403627872467, "loss_min_step": 21, "loss_final": 0.23291009664535522, "max_rise": 0.060757607221603394, "max_rise_step": 5, "n_rises_gt_0.1": 0, "final_gt_min_plus_0.1": false, "gnorm_mean": 82.42176868915558, "gnorm_max": 1576.67041015625, "gnorm_cv": 3.416940743358538, "any_nan_or_inf": false, "rel_param_change": 0.004957395605742931, "heldout_before": 0.4754843804985285, "heldout_after": 0.4840406496077776, "heldout_paired_diff": 0.008556269109249115, "heldout_improved": 5, "sec_per_step": 2.798261213302612, "losses": [0.32484662532806396, 0.2743064761161804, 0.2678418457508087, 0.2428206503391266, 0.30357825756073, 0.28868740797042847, 0.3085365295410156, 0.2917999029159546, 0.2879526615142822, 0.27579838037490845, 0.2667067050933838, 0.2502422332763672, 0.24065294861793518, 0.23135918378829956, 0.23124781250953674, 0.22318100929260254, 0.22137126326560974, 0.21874631941318512, 0.21279215812683105, 0.2090565264225006, 0.1978403627872467, 0.23665666580200195, 0.23750416934490204, 0.23269127309322357, 0.23282501101493835, 0.23307564854621887, 0.23677605390548706, 0.23247192800045013, 0.23071452975273132, 0.23291009664535522], "gnorms": [22.879688262939453, 71.00788116455078, 39.9451789855957, 5.036374092102051, 259.69561767578125, 64.61907958984375, 8.629398345947266, 33.98265075683594, 22.025699615478516, 10.680329322814941, 15.615547180175781, 6.223339080810547, 5.242434024810791, 1576.67041015625, 8.268675804138184, 4.172335147857666, 4.622287273406982, 3.225538969039917, 2.366007089614868, 41.73664855957031, 80.0969009399414, 72.82537841796875, 12.08344841003418, 5.834249019622803, 13.587300300598145, 45.69082260131836, 6.694365978240967, 2.827821969985962, 12.899036407470703, 13.468615531921387]}
