L=8 lr=5e-05 clip=off steps=30 batch=(4, 128) trainable=326,895,872
held-out BEFORE: 0.406463  per-batch=[0.156151, 0.137173, 0.147463, 0.22477, 0.213532, 0.961285, 1.266214, 0.145116]
step  1  kd_loss=0.234664  grad_norm_preclip=1.6983e+01  nan_or_inf=False
step  2  kd_loss=0.196753  grad_norm_preclip=3.9600e+01  nan_or_inf=False
step  3  kd_loss=0.182342  grad_norm_preclip=2.6095e+02  nan_or_inf=False
step  4  kd_loss=0.186531  grad_norm_preclip=9.9162e+00  nan_or_inf=False
step  5  kd_loss=0.185859  grad_norm_preclip=3.3753e+01  nan_or_inf=False
step  6  kd_loss=0.190697  grad_norm_preclip=7.6261e+01  nan_or_inf=False
step  7  kd_loss=0.192443  grad_norm_preclip=3.4914e+01  nan_or_inf=False
step  8  kd_loss=0.171488  grad_norm_preclip=2.8159e+01  nan_or_inf=False
step  9  kd_loss=0.127447  grad_norm_preclip=1.5340e+00  nan_or_inf=False
step 10  kd_loss=0.116569  grad_norm_preclip=1.7575e+00  nan_or_inf=False
step 11  kd_loss=0.113036  grad_norm_preclip=2.6351e+00  nan_or_inf=False
step 12  kd_loss=0.112373  grad_norm_preclip=9.3875e+00  nan_or_inf=False
step 13  kd_loss=0.111809  grad_norm_preclip=3.1982e+00  nan_or_inf=False
step 14  kd_loss=0.112409  grad_norm_preclip=1.1988e+00  nan_or_inf=False
step 15  kd_loss=0.110998  grad_norm_preclip=2.0980e+00  nan_or_inf=False
step 16  kd_loss=0.110345  grad_norm_preclip=1.1879e+00  nan_or_inf=False
step 17  kd_loss=0.114606  grad_norm_preclip=1.0473e+00  nan_or_inf=False
step 18  kd_loss=0.113407  grad_norm_preclip=1.1575e+00  nan_or_inf=False
step 19  kd_loss=0.108102  grad_norm_preclip=1.1510e+00  nan_or_inf=False
step 20  kd_loss=0.110811  grad_norm_preclip=1.4595e+00  nan_or_inf=False
step 21  kd_loss=0.110442  grad_norm_preclip=4.2750e+00  nan_or_inf=False
step 22  kd_loss=0.109483  grad_norm_preclip=7.0628e-01  nan_or_inf=False
step 23  kd_loss=0.108322  grad_norm_preclip=7.8224e-01  nan_or_inf=False
step 24  kd_loss=0.106961  grad_norm_preclip=1.5524e+00  nan_or_inf=False
step 25  kd_loss=0.102695  grad_norm_preclip=4.7535e+00  nan_or_inf=False
step 26  kd_loss=0.102192  grad_norm_preclip=7.2402e-01  nan_or_inf=False
step 27  kd_loss=0.100434  grad_norm_preclip=1.5034e+00  nan_or_inf=False
step 28  kd_loss=0.100369  grad_norm_preclip=1.6529e+00  nan_or_inf=False
step 29  kd_loss=0.100865  grad_norm_preclip=3.1177e+00  nan_or_inf=False
step 30  kd_loss=0.098784  grad_norm_preclip=2.0964e+00  nan_or_inf=False
held-out AFTER:  0.323758  per-batch=[0.163215, 0.115465, 0.140589, 0.231569, 0.182856, 0.273207, 1.3404, 0.142766]
SUMMARY_JSON {"run": "stability_L8_lr5e-5_clipoff", "L": 8, "lr": 5e-05, "clip": false, "steps": 30, "loss_step1": 0.234663724899292, "loss_min": 0.0987841784954071, "loss_min_step": 30, "loss_final": 0.0987841784954071, "max_rise": 0.004837840795516968, "max_rise_step": 6, "n_rises_gt_0.1": 0, "final_gt_min_plus_0.1": false, "gnorm_mean": 18.316955029964447, "gnorm_max": 260.9454650878906, "gnorm_cv": 2.6208449270532657, "any_nan_or_inf": false, "rel_param_change": 0.004949506837874651, "heldout_before": 0.40646309591829777, "heldout_after": 0.32375822123140097, "heldout_paired_diff": -0.0827048746868968, "heldout_improved": 5, "sec_per_step": 1.4587858676910401, "losses": [0.234663724899292, 0.1967533528804779, 0.18234241008758545, 0.1865314245223999, 0.18585902452468872, 0.1906968653202057, 0.1924431174993515, 0.17148813605308533, 0.12744717299938202, 0.1165693923830986, 0.11303596198558807, 0.11237349361181259, 0.11180907487869263, 0.1124088391661644, 0.11099770665168762, 0.11034543812274933, 0.1146058589220047, 0.11340674012899399, 0.1081019788980484, 0.1108105257153511, 0.1104421317577362, 0.10948343575000763, 0.10832226276397705, 0.10696133971214294, 0.10269533097743988, 0.10219159722328186, 0.10043415427207947, 0.1003691703081131, 0.10086540132761002, 0.0987841784954071], "gnorms": [16.983491897583008, 39.60032653808594, 260.9454650878906, 9.91623306274414, 33.75286102294922, 76.26094818115234, 34.91432189941406, 28.158843994140625, 1.5339539051055908, 1.7574599981307983, 2.635061740875244, 9.387491226196289, 3.198153257369995, 1.1988292932510376, 2.0979855060577393, 1.1879264116287231, 1.0473181009292603, 1.1575289964675903, 1.151038646697998, 1.4595293998718262, 4.27504825592041, 0.7062808871269226, 0.782236635684967, 1.5524225234985352, 4.75349235534668, 0.7240232229232788, 1.5034210681915283, 1.6528841257095337, 3.1176838874816895, 2.0963897705078125]}
